// Jest Snapshot v1, https://goo.gl/fbAQLP

exports[`Resolve an episode list 1`] = `
Array [
  Object {
    "episode": 10,
    "firstAired": "2016-06-12",
    "id": 123,
    "image": "image.jpg",
    "lastupdated": 56789132345,
    "name": "Some name",
    "overview": "Some overview",
    "season": 1,
    "serieId": 5,
    "serieTvdbId": 59,
    "tvdbId": 56,
  },
]
`;

exports[`Resolve an episode list 2`] = `
Array [
  Object {
    "name": "select",
    "type": "get",
  },
  Object {
    "args": Array [
      "*",
    ],
    "type": "apply",
  },
  Object {
    "name": "from",
    "type": "get",
  },
  Object {
    "args": Array [
      "tv_episode",
    ],
    "type": "apply",
  },
  Object {
    "name": "where",
    "type": "get",
  },
  Object {
    "args": Array [
      "serie_id",
      5,
    ],
    "type": "apply",
  },
  Object {
    "name": "then",
    "type": "get",
  },
  Object {
    "args": Array [
      [Function],
    ],
    "type": "apply",
  },
]
`;
